
> ofis-square-backend@1.0.0 test:jest
> node --experimental-vm-modules node_modules/jest/bin/jest.js __test__/meetingRoomCutOff.test.js

node.exe : FAIL 
__test__/meetingRoomCutOff.test.js
At C:\Program Files\nodejs\npm.ps1:29 char:3
+   & $NODE_EXE $NPM_CLI_JS $args
+   ~~~~~~~~~~~~~~~~~~~~~~~~~~~~~
    + CategoryInfo          : NotSpecified: (F 
   AIL __test__/meetingRoomCutOff.test.js:Str  
  ing) [], RemoteException
    + FullyQualifiedErrorId : NativeCommandErr 
   or
 
  ÔùÅ Test suite failed to run

    ReferenceError: require is not defined

    [0m [90m 26 |[39m   
buildingMap[33m:[39m [36mnew[39m 
[33mMap[39m()[33m,[39m
     [90m 27 |[39m   amenityMap[33m:[39m 
[36mnew[39m [33mMap[39m()
    [31m[1m>[22m[39m[90m 28 |[39m 
}))[33m;[39m
     [90m    |[39m     [31m[1m^[22m[39m
     [90m 29 |[39m
     [90m 30 |[39m describe([32m'Meeting 
Room Cut-off and Time 
Validation'[39m[33m,[39m () [33m=>[39m {
     [90m 31 |[39m   [36mlet[39m 
mockRes[33m;[39m[0m

      at require 
(__test__/meetingRoomCutOff.test.js:28:5)
      at _getJestObj 
(__test__/meetingRoomCutOff.test.js:8:1)

Test Suites: 1 failed, 1 total
Tests:       0 total
Snapshots:   0 total
Time:        1.126 s
Ran all test suites matching 
__test__/meetingRoomCutOff.test.js.
(node:20108) ExperimentalWarning: VM Modules 
is an experimental feature and might change at 
any time
(Use `node --trace-warnings ...` to show where 
the warning was created)
(node:20108) [MONGOOSE] Warning: Duplicate 
schema index on {"client":1} found. This is 
often due to declaring an index using both 
"index: true" and "schema.index()". Please 
remove the duplicate index definition.
